--------------------------------------------------------------------------------------
Timing Analyzer Summary
--------------------------------------------------------------------------------------

Type           : Worst-case tsu
Slack          : N/A
Required Time  : None
Actual Time    : 3.320 ns
From           : CH0_1[4]
To             : ADC0832:u1|data[5]
From Clock     : --
To Clock       : clk_1
Failed Paths   : 0

Type           : Worst-case tco
Slack          : N/A
Required Time  : None
Actual Time    : 16.954 ns
From           : Parallel_Data[7]$latch
To             : Parallel_Data[16]
From Clock     : clk_1
To Clock       : --
Failed Paths   : 0

Type           : Worst-case th
Slack          : N/A
Required Time  : None
Actual Time    : 5.745 ns
From           : CH1_1[3]
To             : ADC0832:u1|data[3]
From Clock     : --
To Clock       : clk_1
Failed Paths   : 0

Type           : Clock Setup: 'clk_1'
Slack          : N/A
Required Time  : None
Actual Time    : 58.96 MHz ( period = 16.960 ns )
From           : COUNT1[16]
To             : DataB[1]
From Clock     : clk_1
To Clock       : clk_1
Failed Paths   : 0

Type           : Clock Hold: 'clk_1'
Slack          : Not operational: Clock Skew > Data Delay
Required Time  : None
Actual Time    : N/A
From           : DataA[3]
To             : temp[3]
From Clock     : clk_1
To Clock       : clk_1
Failed Paths   : 28

Type           : Total number of failed paths
Slack          : 
Required Time  : 
Actual Time    : 
From           : 
To             : 
From Clock     : 
To Clock       : 
Failed Paths   : 28

--------------------------------------------------------------------------------------

