--------------------------------------------------------------------------------------
Timing Analyzer Summary
--------------------------------------------------------------------------------------

Type           : Worst-case tsu
Slack          : N/A
Required Time  : None
Actual Time    : 2.108 ns
From           : CH0_1[0]
To             : ADC0832:u1|data[5]
From Clock     : --
To Clock       : clk_1
Failed Paths   : 0

Type           : Worst-case tco
Slack          : N/A
Required Time  : None
Actual Time    : 12.355 ns
From           : DI_1
To             : state_signal_1[1]
From Clock     : clk_1
To Clock       : --
Failed Paths   : 0

Type           : Worst-case th
Slack          : N/A
Required Time  : None
Actual Time    : 3.319 ns
From           : CH0_1[6]
To             : ADC0832:u1|data[6]
From Clock     : --
To Clock       : clk_1
Failed Paths   : 0

Type           : Clock Setup: 'clk_1'
Slack          : N/A
Required Time  : None
Actual Time    : 66.77 MHz ( period = 14.976 ns )
From           : DI_1
To             : ADC0832:u1|current_state.First_DI_Receive
From Clock     : clk_1
To Clock       : clk_1
Failed Paths   : 0

Type           : Clock Hold: 'clk_1'
Slack          : Not operational: Clock Skew > Data Delay
Required Time  : None
Actual Time    : N/A
From           : CLKNUM[1]~reg0
To             : DI_1
From Clock     : clk_1
To Clock       : clk_1
Failed Paths   : 45

Type           : Total number of failed paths
Slack          : 
Required Time  : 
Actual Time    : 
From           : 
To             : 
From Clock     : 
To Clock       : 
Failed Paths   : 45

--------------------------------------------------------------------------------------

